Identificador: Menu principal
1 - Abrir
2 - Guardar
3 - Portal Pessoal
0 - Sair
Escolha uma opção: Portal Pessoal
1 - Mostrar pessoa
2 - Alterar número de telefone
3 - Mostrar pessoas
4 - Procurar pessoa
0 - Sair
Escolha uma opção: Número de telefone: FUNCIONÁRIO|101010|123456789|José Carlos
Portal Pessoal
1 - Mostrar pessoa
2 - Alterar número de telefone
3 - Mostrar pessoas
4 - Procurar pessoa
0 - Sair
Escolha uma opção: Menu principal
1 - Abrir
2 - Guardar
3 - Portal Pessoal
0 - Sair
Escolha uma opção: 