Identificador: Menu principal
1 - Abrir
2 - Guardar
3 - Portal Pessoal
5 - Portal do Estudante
0 - Sair
Escolha uma opção: Ficheiro a abrir: Pode preencher inquérito do projecto P1 da disciplina D1
Menu principal
1 - Abrir
2 - Guardar
3 - Portal Pessoal
5 - Portal do Estudante
0 - Sair
Escolha uma opção: Menu principal
1 - Abrir
2 - Guardar
3 - Portal Pessoal
5 - Portal do Estudante
0 - Sair
Escolha uma opção: 