Identificador: Menu principal
1 - Abrir
2 - Guardar
3 - Portal Pessoal
5 - Portal do Estudante
6 - Portal do Delegado
0 - Sair
Escolha uma opção: Portal Pessoal
1 - Mostrar pessoa
2 - Alterar número de telefone
3 - Mostrar pessoas
4 - Procurar pessoa
0 - Sair
Escolha uma opção: DELEGADO|100013|123456789|José Manuel
* Matemática - Álgebra Linear
Portal Pessoal
1 - Mostrar pessoa
2 - Alterar número de telefone
3 - Mostrar pessoas
4 - Procurar pessoa
0 - Sair
Escolha uma opção: Menu principal
1 - Abrir
2 - Guardar
3 - Portal Pessoal
5 - Portal do Estudante
6 - Portal do Delegado
0 - Sair
Escolha uma opção: 