Identificador: Menu principal
1 - Abrir
2 - Guardar
3 - Portal Pessoal
0 - Sair
Escolha uma opção: Portal Pessoal
1 - Mostrar pessoa
2 - Alterar número de telefone
3 - Mostrar pessoas
4 - Procurar pessoa
0 - Sair
Escolha uma opção: FUNCIONÁRIO|100001|123789456|Maria José
FUNCIONÁRIO|101010|789456123|José Carlos
FUNCIONÁRIO|101020|789456123|Jorge Carlos
FUNCIONÁRIO|101030|789456123|António Carlos
Portal Pessoal
1 - Mostrar pessoa
2 - Alterar número de telefone
3 - Mostrar pessoas
4 - Procurar pessoa
0 - Sair
Escolha uma opção: Menu principal
1 - Abrir
2 - Guardar
3 - Portal Pessoal
0 - Sair
Escolha uma opção: 