Identificador: Menu principal
1 - Abrir
2 - Guardar
3 - Portal Pessoal
5 - Portal do Estudante
6 - Portal do Delegado
0 - Sair
Escolha uma opção: Ficheiro a abrir: Pode preencher inquérito do projecto P2 da disciplina D1
Pode preencher inquérito do projecto P4 da disciplina D1
Menu principal
1 - Abrir
2 - Guardar
3 - Portal Pessoal
5 - Portal do Estudante
6 - Portal do Delegado
0 - Sair
Escolha uma opção: Portal do Delegado
1 - Criar inquérito
2 - Cancelar inquérito
3 - Abrir inquérito
4 - Fechar inquérito
5 - Finalizar inquérito
6 - Mostrar inquéritos de uma disciplina
0 - Sair
Escolha uma opção: Nome da disciplina: Nome do projecto: Portal do Delegado
1 - Criar inquérito
2 - Cancelar inquérito
3 - Abrir inquérito
4 - Fechar inquérito
5 - Finalizar inquérito
6 - Mostrar inquéritos de uma disciplina
0 - Sair
Escolha uma opção: Nome da disciplina: D1 - P1 (fechado)
D1 - P2 (aberto)
D1 - P4 (aberto)
Portal do Delegado
1 - Criar inquérito
2 - Cancelar inquérito
3 - Abrir inquérito
4 - Fechar inquérito
5 - Finalizar inquérito
6 - Mostrar inquéritos de uma disciplina
0 - Sair
Escolha uma opção: Nome da disciplina: Nome do projecto: Portal do Delegado
1 - Criar inquérito
2 - Cancelar inquérito
3 - Abrir inquérito
4 - Fechar inquérito
5 - Finalizar inquérito
6 - Mostrar inquéritos de uma disciplina
0 - Sair
Escolha uma opção: Nome da disciplina: Nome do projecto: Abrir inquérito: Operação inválida: Problema ao abrir o inquérito do projecto 'P1' da disciplina 'D1'.
Portal do Delegado
1 - Criar inquérito
2 - Cancelar inquérito
3 - Abrir inquérito
4 - Fechar inquérito
5 - Finalizar inquérito
6 - Mostrar inquéritos de uma disciplina
0 - Sair
Escolha uma opção: Nome da disciplina: Nome do projecto: Cancelar inquérito: Operação inválida: O inquérito do projecto 'P1' da disciplina 'D1' já está finalizado.
Portal do Delegado
1 - Criar inquérito
2 - Cancelar inquérito
3 - Abrir inquérito
4 - Fechar inquérito
5 - Finalizar inquérito
6 - Mostrar inquéritos de uma disciplina
0 - Sair
Escolha uma opção: Menu principal
1 - Abrir
2 - Guardar
3 - Portal Pessoal
5 - Portal do Estudante
6 - Portal do Delegado
0 - Sair
Escolha uma opção: 