Identificador: Menu principal
1 - Abrir
2 - Guardar
3 - Portal Pessoal
5 - Portal do Estudante
0 - Sair
Escolha uma opção: Ficheiro a abrir: Menu principal
1 - Abrir
2 - Guardar
3 - Portal Pessoal
5 - Portal do Estudante
0 - Sair
Escolha uma opção: Portal do Estudante
1 - Entregar projecto
2 - Preencher inquérito
3 - Ver resultados de inquérito
0 - Sair
Escolha uma opção: Nome da disciplina: Nome do projecto: Número de horas de trabalho: Comentário ao projecto: Preencher inquérito: Operação inválida: O projecto 'P5' da disciplina 'D1' não tem inquérito associado.
Portal do Estudante
1 - Entregar projecto
2 - Preencher inquérito
3 - Ver resultados de inquérito
0 - Sair
Escolha uma opção: Menu principal
1 - Abrir
2 - Guardar
3 - Portal Pessoal
5 - Portal do Estudante
0 - Sair
Escolha uma opção: 