Identificador: Menu principal
1 - Abrir
2 - Guardar
3 - Portal Pessoal
5 - Portal do Estudante
6 - Portal do Delegado
0 - Sair
Escolha uma opção: Ficheiro a abrir: Resultados do inquérito do projecto P1 da disciplina D1
Pode preencher inquérito do projecto P5 da disciplina D1
Menu principal
1 - Abrir
2 - Guardar
3 - Portal Pessoal
5 - Portal do Estudante
6 - Portal do Delegado
0 - Sair
Escolha uma opção: 