Identificador: Menu principal
1 - Abrir
2 - Guardar
3 - Portal Pessoal
5 - Portal do Estudante
6 - Portal do Delegado
0 - Sair
Escolha uma opção: Ficheiro a abrir: Resultados do inquérito do projecto P5 da disciplina D1
Pode preencher inquérito do projecto P0 da disciplina D1
Menu principal
1 - Abrir
2 - Guardar
3 - Portal Pessoal
5 - Portal do Estudante
6 - Portal do Delegado
0 - Sair
Escolha uma opção: Portal do Delegado
1 - Criar inquérito
2 - Cancelar inquérito
3 - Abrir inquérito
4 - Fechar inquérito
5 - Finalizar inquérito
6 - Mostrar inquéritos de uma disciplina
0 - Sair
Escolha uma opção: Nome da disciplina: Nome do projecto: Criar inquérito: Operação inválida: O projecto 'P0' não existe na disciplina 'D1'.
Portal do Delegado
1 - Criar inquérito
2 - Cancelar inquérito
3 - Abrir inquérito
4 - Fechar inquérito
5 - Finalizar inquérito
6 - Mostrar inquéritos de uma disciplina
0 - Sair
Escolha uma opção: Menu principal
1 - Abrir
2 - Guardar
3 - Portal Pessoal
5 - Portal do Estudante
6 - Portal do Delegado
0 - Sair
Escolha uma opção: Menu principal
1 - Abrir
2 - Guardar
3 - Portal Pessoal
5 - Portal do Estudante
6 - Portal do Delegado
0 - Sair
Escolha uma opção: 