Identificador: Menu principal
1 - Abrir
2 - Guardar
3 - Portal Pessoal
5 - Portal do Estudante
6 - Portal do Delegado
0 - Sair
Escolha uma opção: Ficheiro a abrir: Pode preencher inquérito do projecto P5 da disciplina D1
Menu principal
1 - Abrir
2 - Guardar
3 - Portal Pessoal
5 - Portal do Estudante
6 - Portal do Delegado
0 - Sair
Escolha uma opção: Portal do Delegado
1 - Criar inquérito
2 - Cancelar inquérito
3 - Abrir inquérito
4 - Fechar inquérito
5 - Finalizar inquérito
6 - Mostrar inquéritos de uma disciplina
0 - Sair
Escolha uma opção: Nome da disciplina: Nome do projecto: Portal do Delegado
1 - Criar inquérito
2 - Cancelar inquérito
3 - Abrir inquérito
4 - Fechar inquérito
5 - Finalizar inquérito
6 - Mostrar inquéritos de uma disciplina
0 - Sair
Escolha uma opção: Nome da disciplina: Nome do projecto: Portal do Delegado
1 - Criar inquérito
2 - Cancelar inquérito
3 - Abrir inquérito
4 - Fechar inquérito
5 - Finalizar inquérito
6 - Mostrar inquéritos de uma disciplina
0 - Sair
Escolha uma opção: Nome da disciplina: D1 - P0 (por abrir)
D1 - P1 - 1 respostas - 1 horas
D1 - P2 (aberto)
D1 - P4 (aberto)
D1 - P5 - 0 respostas - 0 horas
Portal do Delegado
1 - Criar inquérito
2 - Cancelar inquérito
3 - Abrir inquérito
4 - Fechar inquérito
5 - Finalizar inquérito
6 - Mostrar inquéritos de uma disciplina
0 - Sair
Escolha uma opção: Menu principal
1 - Abrir
2 - Guardar
3 - Portal Pessoal
5 - Portal do Estudante
6 - Portal do Delegado
0 - Sair
Escolha uma opção: Portal do Estudante
1 - Entregar projecto
2 - Preencher inquérito
3 - Ver resultados de inquérito
0 - Sair
Escolha uma opção: Nome da disciplina: Nome do projecto: D1 - P5
 * Número de respostas: 0
 * Tempo médio (horas): 0
Portal do Estudante
1 - Entregar projecto
2 - Preencher inquérito
3 - Ver resultados de inquérito
0 - Sair
Escolha uma opção: Menu principal
1 - Abrir
2 - Guardar
3 - Portal Pessoal
5 - Portal do Estudante
6 - Portal do Delegado
0 - Sair
Escolha uma opção: 
