Identificador: Menu principal
1 - Abrir
2 - Guardar
3 - Portal Pessoal
5 - Portal do Estudante
6 - Portal do Delegado
0 - Sair
Escolha uma opção: Ficheiro a abrir: Pode preencher inquérito do projecto P2 da disciplina D1
Pode preencher inquérito do projecto P4 da disciplina D1
Menu principal
1 - Abrir
2 - Guardar
3 - Portal Pessoal
5 - Portal do Estudante
6 - Portal do Delegado
0 - Sair
Escolha uma opção: Portal do Delegado
1 - Criar inquérito
2 - Cancelar inquérito
3 - Abrir inquérito
4 - Fechar inquérito
5 - Finalizar inquérito
6 - Mostrar inquéritos de uma disciplina
0 - Sair
Escolha uma opção: Nome da disciplina: Nome do projecto: Abrir inquérito: Operação inválida: A disciplina 'D99' não existe ou não é válida para o utilizador em causa.
Portal do Delegado
1 - Criar inquérito
2 - Cancelar inquérito
3 - Abrir inquérito
4 - Fechar inquérito
5 - Finalizar inquérito
6 - Mostrar inquéritos de uma disciplina
0 - Sair
Escolha uma opção: Nome da disciplina: Nome do projecto: Abrir inquérito: Operação inválida: O projecto 'P0' não existe na disciplina 'D1'.
Portal do Delegado
1 - Criar inquérito
2 - Cancelar inquérito
3 - Abrir inquérito
4 - Fechar inquérito
5 - Finalizar inquérito
6 - Mostrar inquéritos de uma disciplina
0 - Sair
Escolha uma opção: Nome da disciplina: Nome do projecto: Fechar inquérito: Operação inválida: A disciplina 'D23' não existe ou não é válida para o utilizador em causa.
Portal do Delegado
1 - Criar inquérito
2 - Cancelar inquérito
3 - Abrir inquérito
4 - Fechar inquérito
5 - Finalizar inquérito
6 - Mostrar inquéritos de uma disciplina
0 - Sair
Escolha uma opção: Nome da disciplina: Nome do projecto: Abrir inquérito: Operação inválida: O projecto 'PP' não existe na disciplina 'D1'.
Portal do Delegado
1 - Criar inquérito
2 - Cancelar inquérito
3 - Abrir inquérito
4 - Fechar inquérito
5 - Finalizar inquérito
6 - Mostrar inquéritos de uma disciplina
0 - Sair
Escolha uma opção: Nome da disciplina: Nome do projecto: Fechar inquérito: Operação inválida: A disciplina 'dd' não existe ou não é válida para o utilizador em causa.
Portal do Delegado
1 - Criar inquérito
2 - Cancelar inquérito
3 - Abrir inquérito
4 - Fechar inquérito
5 - Finalizar inquérito
6 - Mostrar inquéritos de uma disciplina
0 - Sair
Escolha uma opção: Nome da disciplina: Nome do projecto: Finalizar inquérito: Operação inválida: A disciplina 'dd' não existe ou não é válida para o utilizador em causa.
Portal do Delegado
1 - Criar inquérito
2 - Cancelar inquérito
3 - Abrir inquérito
4 - Fechar inquérito
5 - Finalizar inquérito
6 - Mostrar inquéritos de uma disciplina
0 - Sair
Escolha uma opção: Menu principal
1 - Abrir
2 - Guardar
3 - Portal Pessoal
5 - Portal do Estudante
6 - Portal do Delegado
0 - Sair
Escolha uma opção: 