Identificador: Menu principal
1 - Abrir
2 - Guardar
3 - Portal Pessoal
5 - Portal do Estudante
0 - Sair
Escolha uma opção: Portal do Estudante
1 - Entregar projecto
2 - Preencher inquérito
3 - Ver resultados de inquérito
0 - Sair
Escolha uma opção: Menu principal
1 - Abrir
2 - Guardar
3 - Portal Pessoal
5 - Portal do Estudante
0 - Sair
Escolha uma opção: Ficheiro a abrir: Resultados do inquérito do projecto P5 da disciplina D1
Menu principal
1 - Abrir
2 - Guardar
3 - Portal Pessoal
5 - Portal do Estudante
0 - Sair
Escolha uma opção: Portal do Estudante
1 - Entregar projecto
2 - Preencher inquérito
3 - Ver resultados de inquérito
0 - Sair
Escolha uma opção: Nome da disciplina: Nome do projecto: D1 - P5
 * Número de respostas: 3
 * Tempo médio (horas): 30
Portal do Estudante
1 - Entregar projecto
2 - Preencher inquérito
3 - Ver resultados de inquérito
0 - Sair
Escolha uma opção: Menu principal
1 - Abrir
2 - Guardar
3 - Portal Pessoal
5 - Portal do Estudante
0 - Sair
Escolha uma opção: Menu principal
1 - Abrir
2 - Guardar
3 - Portal Pessoal
5 - Portal do Estudante
0 - Sair
Escolha uma opção: 