Identificador: Menu principal
1 - Abrir
2 - Guardar
3 - Portal Pessoal
4 - Portal do Docente
0 - Sair
Escolha uma opção: Portal Pessoal
1 - Mostrar pessoa
2 - Alterar número de telefone
3 - Mostrar pessoas
4 - Procurar pessoa
0 - Sair
Escolha uma opção: Menu principal
1 - Abrir
2 - Guardar
3 - Portal Pessoal
4 - Portal do Docente
0 - Sair
Escolha uma opção: Portal do Docente
1 - Criar projecto
2 - Fechar projecto
3 - Ver submissões de um projecto
4 - Ver alunos de disciplina leccionada
5 - Ver resultados de um inquérito
0 - Sair
Escolha uma opção: Nome da disciplina: Nome do projecto: Criar projecto: Operação inválida: A disciplina 'Computadores II' não existe ou não é válida para o utilizador em causa.
Portal do Docente
1 - Criar projecto
2 - Fechar projecto
3 - Ver submissões de um projecto
4 - Ver alunos de disciplina leccionada
5 - Ver resultados de um inquérito
0 - Sair
Escolha uma opção: Menu principal
1 - Abrir
2 - Guardar
3 - Portal Pessoal
4 - Portal do Docente
0 - Sair
Escolha uma opção: 